[INFO] Scanning for projects...
[INFO] ------------------------------------------------------------------------
[INFO] Reactor Build Order:
[INFO] 
[INFO] lab06-booking-parent                                               [pom]
[INFO] lab06-api                                                          [jar]
[INFO] lab06-consumer                                                     [jar]
[INFO] 
[INFO] -----------------< edu.cmu.cs214:lab06-booking-parent >-----------------
[INFO] Building lab06-booking-parent 1.0.0                                [1/3]
[INFO]   from pom.xml
[INFO] --------------------------------[ pom ]---------------------------------
[INFO] 
[INFO] --- clean:3.2.0:clean (default-clean) @ lab06-booking-parent ---
[INFO] 
[INFO] ----------------------< edu.cmu.cs214:lab06-api >-----------------------
[INFO] Building lab06-api 1.0.0                                           [2/3]
[INFO]   from api/pom.xml
[INFO] --------------------------------[ jar ]---------------------------------
[INFO] 
[INFO] --- clean:3.2.0:clean (default-clean) @ lab06-api ---
[INFO] Deleting /Users/ray/MyFIle/College/CMU/Courses/17-214/labs/f26-lab06/api/target
[INFO] 
[INFO] --- resources:3.4.0:resources (default-resources) @ lab06-api ---
[INFO] skip non existing resourceDirectory /Users/ray/MyFIle/College/CMU/Courses/17-214/labs/f26-lab06/api/src/main/resources
[INFO] 
[INFO] --- compiler:3.13.0:compile (default-compile) @ lab06-api ---
[INFO] Recompiling the module because of changed source code.
[INFO] Compiling 5 source files with javac [debug deprecation release 21] to target/classes
[INFO] 
[INFO] --- resources:3.4.0:testResources (default-testResources) @ lab06-api ---
[INFO] skip non existing resourceDirectory /Users/ray/MyFIle/College/CMU/Courses/17-214/labs/f26-lab06/api/src/test/resources
[INFO] 
[INFO] --- compiler:3.13.0:testCompile (default-testCompile) @ lab06-api ---
[INFO] Recompiling the module because of changed dependency.
[INFO] Compiling 1 source file with javac [debug deprecation release 21] to target/test-classes
[INFO] 
[INFO] --- surefire:3.5.6:test (default-test) @ lab06-api ---
[INFO] Using auto detected provider org.apache.maven.surefire.junitplatform.JUnitPlatformProvider
[INFO] 
[INFO] -------------------------------------------------------
[INFO]  T E S T S
[INFO] -------------------------------------------------------
[INFO] Running edu.cmu.cs214.booking.InMemoryBookingServiceTest
[INFO] Tests run: 9, Failures: 0, Errors: 0, Skipped: 0, Time elapsed: 0.029 s -- in edu.cmu.cs214.booking.InMemoryBookingServiceTest
[INFO] 
[INFO] Results:
[INFO] 
[INFO] Tests run: 9, Failures: 0, Errors: 0, Skipped: 0
[INFO] 
[INFO] 
[INFO] --------------------< edu.cmu.cs214:lab06-consumer >--------------------
[INFO] Building lab06-consumer 1.0.0                                      [3/3]
[INFO]   from consumer/pom.xml
[INFO] --------------------------------[ jar ]---------------------------------
[INFO] 
[INFO] --- clean:3.2.0:clean (default-clean) @ lab06-consumer ---
[INFO] Deleting /Users/ray/MyFIle/College/CMU/Courses/17-214/labs/f26-lab06/consumer/target
[INFO] 
[INFO] --- resources:3.4.0:resources (default-resources) @ lab06-consumer ---
[INFO] skip non existing resourceDirectory /Users/ray/MyFIle/College/CMU/Courses/17-214/labs/f26-lab06/consumer/src/main/resources
[INFO] 
[INFO] --- compiler:3.13.0:compile (default-compile) @ lab06-consumer ---
[INFO] Recompiling the module because of changed dependency.
[INFO] Compiling 1 source file with javac [debug deprecation release 21] to target/classes
[WARNING] /Users/ray/MyFIle/College/CMU/Courses/17-214/labs/f26-lab06/consumer/src/main/java/edu/cmu/cs214/frontdesk/FrontDesk.java:[27,19] createBooking(java.lang.String,long,long,java.lang.String) in edu.cmu.cs214.booking.BookingApi has been deprecated
[WARNING] /Users/ray/MyFIle/College/CMU/Courses/17-214/labs/f26-lab06/consumer/src/main/java/edu/cmu/cs214/frontdesk/FrontDesk.java:[33,19] createBooking(java.lang.String,long,long,java.lang.String) in edu.cmu.cs214.booking.BookingApi has been deprecated
[INFO] 
[INFO] --- resources:3.4.0:testResources (default-testResources) @ lab06-consumer ---
[INFO] skip non existing resourceDirectory /Users/ray/MyFIle/College/CMU/Courses/17-214/labs/f26-lab06/consumer/src/test/resources
[INFO] 
[INFO] --- compiler:3.13.0:testCompile (default-testCompile) @ lab06-consumer ---
[INFO] Recompiling the module because of changed dependency.
[INFO] Compiling 1 source file with javac [debug deprecation release 21] to target/test-classes
[INFO] 
[INFO] --- surefire:3.5.6:test (default-test) @ lab06-consumer ---
[INFO] Using auto detected provider org.apache.maven.surefire.junitplatform.JUnitPlatformProvider
[INFO] 
[INFO] -------------------------------------------------------
[INFO]  T E S T S
[INFO] -------------------------------------------------------
[INFO] Running edu.cmu.cs214.frontdesk.FrontDeskTest
[INFO] Tests run: 7, Failures: 0, Errors: 0, Skipped: 0, Time elapsed: 0.036 s -- in edu.cmu.cs214.frontdesk.FrontDeskTest
[INFO] 
[INFO] Results:
[INFO] 
[INFO] Tests run: 7, Failures: 0, Errors: 0, Skipped: 0
[INFO] 
[INFO] ------------------------------------------------------------------------
[INFO] Reactor Summary for lab06-booking-parent 1.0.0:
[INFO] 
[INFO] lab06-booking-parent ............................... SUCCESS [  0.061 s]
[INFO] lab06-api .......................................... SUCCESS [  0.846 s]
[INFO] lab06-consumer ..................................... SUCCESS [  0.333 s]
[INFO] ------------------------------------------------------------------------
[INFO] BUILD SUCCESS
[INFO] ------------------------------------------------------------------------
[INFO] Total time:  1.279 s
[INFO] Finished at: 2026-10-02T01:10:45-04:00
[INFO] ------------------------------------------------------------------------
